// Jest Snapshot v1, https://goo.gl/fbAQLP

exports[`weather widget tests render 1`] = `
<article
  className=""
  id="handle"
>
  <ul
    onClick={[Function]}
  >
    <li />
    <li />
    <li />
  </ul>
</article>
`;
